empty sequence
1 2 string <foo>bar</foo>
the following crashes saxon sometimes
<bar><foo a1="attribute">value</foo></bar>
for: 1
for: string
for: <simple/>
for: <foo a1="attribute">value</foo>
for: 2
for: 3
for: 4
Number of params: 2
<foo a1="attribute">value</foo>
second arg
foo barspam
