a
b
c
a
b
c
After for a is c
xa
xb
xc
ac ad ae 
bc bd be 
cc cd ce 
1 level break
a is a
1 level continue
a is a
a is c
2 level for with break 1
ac ad 
bc bd 
cc cd 
2 level for with break 2
ac ad 
2 level for with continue 1
ac ad ae 
bc bd be 
cc cd ce 
2 level for with continue 2
ac ad bc bd cc cd 
Output is
line1
line2
line3
arg a1
arg b1
arg c1
