foo
foo
foo
foo
foo
foo
foo
foo
line1
line2
