xs:string
xs:string
xs:string
xs:string
xs:string
next
xs:integer+
empty
hello world
80
function a-b
function -
