Success - executed true
Success caught error
Success
Success caught error
Success caught error
Success ignored error
