Single statement
Multi
Statement
line is line1
line2 is line1
