test1
success
test2
success
test3
success
test4
data is data
