true
line1
line2
<foo/>
<foo2/>
<pipe/>
Success of last command
A B C
A B C
