Success
Success
Success No Finally
Success No Finally
Success No Finally
Before throw
Catch success: A string
