Tabbed
<foo>
  bar
</foo>
Untabbed
<foo>
bar
</foo>
