update
update/insert
insert
update/insert
delete
delete
Success
Success
