true
line1
line2
<foo/>

<foo2/>
test
A is 2
