In for
Value is a
In for
Value is b
In for
Value is c
