xs:string
xs:string
xs:string
xs:string
xs:string
xs:integer
xs:string
element()
document-node()
attribute()
