xs:decimal
25.2
xs:decimal
2.54
xs:decimal
0.001
xs:decimal
1
