event type START_ELEMENT
BOOKLIST
event type START_ELEMENT
BOOKS
event type START_ELEMENT
ITEM
event type START_ELEMENT
TITLE
event type START_ELEMENT
AUTHOR
event type START_ELEMENT
PUBLISHER
event type START_ELEMENT
PUB-DATE
event type START_ELEMENT
LANGUAGE
event type START_ELEMENT
PRICE
event type START_ELEMENT
QUANTITY
event type START_ELEMENT
ISBN
event type START_ELEMENT
PAGES
event type START_ELEMENT
DIMENSIONS
event type START_ELEMENT
WEIGHT
event type START_ELEMENT
ITEM
event type START_ELEMENT
TITLE
event type START_ELEMENT
AUTHOR
event type START_ELEMENT
PUBLISHER
event type START_ELEMENT
PUB-DATE
event type START_ELEMENT
LANGUAGE
event type START_ELEMENT
PRICE
event type START_ELEMENT
QUANTITY
event type START_ELEMENT
ISBN
event type START_ELEMENT
PAGES
event type START_ELEMENT
DIMENSIONS
event type START_ELEMENT
WEIGHT
event type START_ELEMENT
ITEM
event type START_ELEMENT
TITLE
event type START_ELEMENT
AUTHOR
event type START_ELEMENT
PUBLISHER
event type START_ELEMENT
PUB-DATE
event type START_ELEMENT
LANGUAGE
event type START_ELEMENT
PRICE
event type START_ELEMENT
QUANTITY
event type START_ELEMENT
ISBN
event type START_ELEMENT
PAGES
event type START_ELEMENT
DIMENSIONS
event type START_ELEMENT
WEIGHT
event type START_ELEMENT
ITEM
event type START_ELEMENT
TITLE
event type START_ELEMENT
AUTHOR
event type START_ELEMENT
PUBLISHER
event type START_ELEMENT
PUB-DATE
event type START_ELEMENT
LANGUAGE
event type START_ELEMENT
PRICE
event type START_ELEMENT
QUANTITY
event type START_ELEMENT
ISBN
event type START_ELEMENT
PAGES
event type START_ELEMENT
DIMENSIONS
event type START_ELEMENT
WEIGHT
event type START_ELEMENT
ITEM
event type START_ELEMENT
TITLE
event type START_ELEMENT
AUTHOR
event type START_ELEMENT
PUBLISHER
event type START_ELEMENT
PUB-DATE
event type START_ELEMENT
LANGUAGE
event type START_ELEMENT
PRICE
event type START_ELEMENT
QUANTITY
event type START_ELEMENT
ISBN
event type START_ELEMENT
PAGES
event type START_ELEMENT
DIMENSIONS
event type START_ELEMENT
WEIGHT
event type START_ELEMENT
ITEM
event type START_ELEMENT
TITLE
event type START_ELEMENT
AUTHOR
event type START_ELEMENT
PUBLISHER
event type START_ELEMENT
PUB-DATE
event type START_ELEMENT
LANGUAGE
event type START_ELEMENT
PRICE
event type START_ELEMENT
QUANTITY
event type START_ELEMENT
ISBN
event type START_ELEMENT
PAGES
event type START_ELEMENT
DIMENSIONS
event type START_ELEMENT
WEIGHT
event type START_ELEMENT
CATEGORIES
event type START_ELEMENT
CATEGORY
event type START_ELEMENT
CATEGORY
event type START_ELEMENT
CATEGORY
