
hi there
<foo>bar</foo>
1
hi
<foo/>
There are 5 elements in the sequence
No Newlines:in this text:Between the colons
