
hi there
<foo>bar</foo>
1 hi <foo/>
var1var2
var1var2
$A$C$B
foobar
to output
to xxx
