top level invocation of builtin_source
sourced invocation of builtin_source
_SOURCE is source
_VAR is var
sourced invocation of builtin_source
_SOURCE is source
_VAR is var
