a is <test>data</test>
type of a is xml
document is XML type
