Number of files: 100
Node: 10
Number of files: 10
Node: 21
Number of files: 10
Node: 21
