"hi\"there"
"<foo>bar</foo>"
"abc123<foo a=\"b\"/>"
"a\\b"
