Xquery on stdin
<AUTHOR>Jane Austen</AUTHOR>
<AUTHOR>Charlotte Brontë</AUTHOR>
<AUTHOR>Thomas Hardy</AUTHOR>
<AUTHOR>Thomas Hardy</AUTHOR>
<AUTHOR>Jasper Fforde</AUTHOR>
<AUTHOR>Jasper Fforde</AUTHOR>
Xquery on file
<AUTHOR>Jane Austen</AUTHOR>
<AUTHOR>Charlotte Brontë</AUTHOR>
<AUTHOR>Thomas Hardy</AUTHOR>
<AUTHOR>Thomas Hardy</AUTHOR>
<AUTHOR>Jasper Fforde</AUTHOR>
<AUTHOR>Jasper Fforde</AUTHOR>
Xquery on xml expression
<bar a2="value2"/>
<foo>text</foo>
<book><author>Jasper Fforde</author><title>The Eyre Affair</title></book>
<book><author>Thomas Hardy</author><title>Jude the Obscure</title></book>
<book><author>Charlotte Brontë</author><title>Wuthering Heights</title></book>
<book><author>Jasper Fforde</author><title>The Big Over Easy</title></book>
<book><author>Jane Austen</author><title>Pride and Prejudice</title></book>
<book><author>Thomas Hardy</author><title>Tess of the d'Urbervilles</title></book>
<t:test xmlns:t="http://www.example.org/test">Test</t:test>
<t:test xmlns:t="http://www.example.org/test">Test</t:test>
<t:test xmlns:t="http://www.example.org/test">Test</t:test>
<t:test xmlns:t="http://www.example.org/test">Test</t:test>
A String
<AUTHOR>Jane Austen</AUTHOR>
element()
Success fn:true
Success fn:false
