Validating with DTD
Validating with xsd
validate -rng ../../samples/data/books.rng ../../samples/data/books.xml
Following should fail
Successfully trapped invalid schema
Schematron validation
Matching Items: 6
Matching Items: 6
RNG Validation
