http://test.xmlsh.org/data/books.xml
http://test.xmlsh.org/data/books.xml
