element()
xs:string
<test><foo>bar</foo></test>
<test>&lt;foo&gt;bar&lt;/foo&gt;&#xD;
</test>
xs:string
