AUTHOR,DIMENSIONS,ISBN,LANGUAGE,PAGES,PRICE,PUB-DATE,PUBLISHER,QUANTITY,TITLE,WEIGHT
Jane Austen,8.3 5.7 1.1,679601686,English,352,4.95,12/31/2002,Modern Library,187,Pride and Prejudice,6.1
Charlotte Bront,1.0 5.2 7.8,141439556,English,430,6.58,12/31/2002,Penguin Classics,113,Wuthering Heights,11.2

TITLE,AUTHOR,PUBLISHER,PUB-DATE,LANGUAGE,PRICE,QUANTITY,ISBN,PAGES,DIMENSIONS,WEIGHT
Pride and Prejudice,Jane Austen,Modern Library,12/31/2002,English,4.95,187,679601686,352,8.3 5.7 1.1,6.1
Wuthering Heights,Charlotte Bront,Penguin Classics,12/31/2002,English,6.58,113,141439556,430,1.0 5.2 7.8,11.2
