xcat files only
<foo>
  <x>bar</x>
  <x>spam</x>
</foo>
xcat text element
<test>
  <x>bar</x>
  <x>spam</x>
</test>
xcat xml element
<test>
  <x>bar</x>
  <x>spam</x>
</test>
