PASS -bool -bc Option BC
Remaining <args>Args</args>
