element()
xs:string
document-node()
<foo>bar</foo>
<test><foo>bar</foo></test>
<test>&lt;foo&gt;bar&lt;/foo&gt;&#xD;
</test>
<test>&lt;foo&gt;bar&lt;/foo&gt;&#xD;
</test>
<test>&lt;foo&gt;bar&lt;/foo&gt;&#xD;
</test>
<foo>bar</foo>
<foo>bar</foo>
