foo
foo
foo.bar
foo.bar
Success -d
.bar
.bar
