Success
Success
Success
Success
Success compare differs
